
Server: Object 6:1001 not found (message 88)
NetServer::SendMsg: cannot find channel #1556463003, users.card=4
NetServer: users.get failed when sending to 1556463003
Message not sent - error 0, message ID = ffffffff, to 1556463003 ([Hauptkommissar] Petrov)
NetServer::SendMsg: cannot find channel #1556463003, users.card=4
NetServer: users.get failed when sending to 1556463003
Message not sent - error 0, message ID = ffffffff, to 1556463003 ([Hauptkommissar] Petrov)
NetServer::SendMsg: cannot find channel #1556463003, users.card=4
NetServer: users.get failed when sending to 1556463003
Message not sent - error 0, message ID = ffffffff, to 1556463003 ([Hauptkommissar] Petrov)
NetServer::SendMsg: cannot find channel #1556463003, users.card=4
NetServer: users.get failed when sending to 1556463003
Message not sent - error 0, message ID = ffffffff, to 1556463003 ([Hauptkommissar] Petrov)
NetServer::SendMsg: cannot find channel #1556463003, users.card=4
NetServer: users.get failed when sending to 1556463003
Message not sent - error 0, message ID = ffffffff, to 1556463003 ([Hauptkommissar] Petrov)
NetServer::SendMsg: cannot find channel #1556463003, users.card=4
NetServer: users.get failed when sending to 1556463003
Message not sent - error 0, message ID = ffffffff, to 1556463003 ([Hauptkommissar] Petrov)
NetServer::SendMsg: cannot find channel #1556463003, users.card=4
NetServer: users.get failed when sending to 1556463003
Message not sent - error 0, message ID = ffffffff, to 1556463003 ([Hauptkommissar] Petrov)
NetServer::SendMsg: cannot find channel #1556463003, users.card=4
NetServer: users.get failed when sending to 1556463003
Message not sent - error 0, message ID = ffffffff, to 1556463003 ([Hauptkommissar] Petrov)
NetServer::SendMsg: cannot find channel #1556463003, users.card=4
NetServer: users.get failed when sending to 1556463003
Message not sent - error 0, message ID = ffffffff, to 1556463003 ([Hauptkommissar] Petrov)
NetServer::SendMsg: cannot find channel #1556463003, users.card=4
NetServer: users.get failed when sending to 1556463003
Message not sent - error 0, message ID = ffffffff, to 1556463003 ([Hauptkommissar] Petrov)
NetServer::SendMsg: cannot find channel #1556463003, users.card=4
NetServer: users.get failed when sending to 1556463003
Message not sent - error 0, message ID = ffffffff, to 1556463003 ([Hauptkommissar] Petrov)
NetServer::SendMsg: cannot find channel #1556463003, users.card=4
NetServer: users.get failed when sending to 1556463003
Message not sent - error 0, message ID = ffffffff, to 1556463003 ([Hauptkommissar] Petrov)
NetServer::SendMsg: cannot find channel #1556463003, users.card=4
NetServer: users.get failed when sending to 1556463003
Message not sent - error 0, message ID = ffffffff, to 1556463003 ([Hauptkommissar] Petrov)
//////////////////////////////////////////////////////////////////////////////////////////////////
Server: Object info 10:11 not found.
Can't change owner from 0 to 2
Server: Object info 10:10 not found.
Can't change owner from 0 to 2
Server: Object info 10:11 not found.
Can't change owner from 0 to 2
Server: Object info 10:10 not found.
Can't change owner from 0 to 2
Server: Object info 10:11 not found.
Can't change owner from 0 to 2
Server: Object info 10:10 not found.
Can't change owner from 0 to 2
Server: Object info 10:11 not found.
Can't change owner from 0 to 2
Server: Object info 10:10 not found.
Can't change owner from 0 to 2
Error: Object(18 : 47) not found
Server: Object info 10:11 not found.
Can't change owner from 0 to 2
Server: Object info 10:10 not found.
Can't change owner from 0 to 2
Server: Object info 10:11 not found.
Can't change owner from 0 to 2
Server: Object info 10:10 not found.
Can't change owner from 0 to 2
Server: Object info 10:11 not found.
Can't change owner from 0 to 2
Server: Object info 10:10 not found.
Can't change owner from 0 to 2
Server: Object info 10:11 not found.
Can't change owner from 0 to 2
Server: Object info 10:10 not found.
Can't change owner from 0 to 2
Server: Object info 10:11 not found.
Can't change owner from 0 to 2
Server: Object info 10:10 not found.
Can't change owner from 0 to 2
Server: Object info 10:11 not found.
Can't change owner from 0 to 2
Server: Object info 10:10 not found.
Can't change owner from 0 to 2
Server: Object info 10:11 not found.
Can't change owner from 0 to 2
Server: Object info 10:10 not found.
Can't change owner from 0 to 2
Server: Object info 10:11 not found.
Can't change owner from 0 to 2
Server: Object info 10:10 not found.
Can't change owner from 0 to 2
Server: Object info 10:11 not found.
Can't change owner from 0 to 2
Server: Object info 10:10 not found.
Can't change owner from 0 to 2
//////////////////////////////////////////////////////////////////////////////////////
NetServer::SendMsg: cannot find channel #184642130, users.card=10
NetServer: users.get failed when sending to 184642130
Message not sent - error 0, message ID = ffffffff, to 184642130 (ArScHeKeKs)
NetServer::SendMsg: cannot find channel #184642130, users.card=10
NetServer: users.get failed when sending to 184642130
Message not sent - error 0, message ID = ffffffff, to 184642130 (ArScHeKeKs)
NetServer::SendMsg: cannot find channel #184642130, users.card=10
NetServer: users.get failed when sending to 184642130
Message not sent - error 0, message ID = ffffffff, to 184642130 (ArScHeKeKs)
NetServer::SendMsg: cannot find channel #184642130, users.card=10
NetServer: users.get failed when sending to 184642130
Message not sent - error 0, message ID = ffffffff, to 184642130 (ArScHeKeKs)
NetServer::SendMsg: cannot find channel #184642130, users.card=10
NetServer: users.get failed when sending to 184642130
Message not sent - error 0, message ID = ffffffff, to 184642130 (ArScHeKeKs)
NetServer::SendMsg: cannot find channel #184642130, users.card=10
NetServer: users.get failed when sending to 184642130
Message not sent - error 0, message ID = ffffffff, to 184642130 (ArScHeKeKs)
////////////////////////////////////////////////////////////////////////////////
Error in expression <{};
	if(isNil "_ret") exitWith {};
	
	[[life_atmcash,life_cash,owner player,play>
  Error position: <life_atmcash,life_cash,owner player,play>
  Error Undefined variable in expression: life_atmcash
/////////////////////////////////////////////////////////////////////////////////////////////////////
Error in expression <{};
	if(isNil "_ret") exitWith {};
	
	[[life_atmcash,life_cash,owner player,play>
  Error position: <life_atmcash,life_cash,owner player,play>
  Error Undefined variable in expression: life_atmcash
No speaker given for Michalis Papadopoulos
///////////////////////////////////////////////////////////////////////////////////////////////////
Error in expression <{};
	if(isNil "_ret") exitWith {};
	
	[[life_atmcash,life_cash,owner player,play>
  Error position: <life_atmcash,life_cash,owner player,play>
  Error Undefined variable in expression: life_atmcash
Server: Object 47:1747 not found (message 88)
Client: Remote object 2:15890 not found
Client: Remote object 2:15891 not found
Client: Remote object 2:15892 not found
Client: Remote object 60:0 not found
Error in expression <{};
	if(isNil "_ret") exitWith {};
	
	[[life_atmcash,life_cash,owner player,play>
  Error position: <life_atmcash,life_cash,owner player,play>
  Error Undefined variable in expression: life_atmcash
Error in expression <{};
	if(isNil "_ret") exitWith {};
	
	[[life_atmcash,life_cash,owner player,play>
  Error position: <life_atmcash,life_cash,owner player,play>
  Error Undefined variable in expression: life_atmcash
Client: Object 57:213 (type Type_87) not found.
Client: Object 57:213 (type Type_88) not found.
Error in expression <{};
	if(isNil "_ret") exitWith {};
	
	[[life_atmcash,life_cash,owner player,play>
  Error position: <life_atmcash,life_cash,owner player,play>
  Error Undefined variable in expression: life_atmcash
 not found (message 88)
/////////////////////////////////////////////////////////////////////////////////////////////////////////////////////////////
Error in expression <{};
	if(isNil "_ret") exitWith {};
	
	[[life_atmcash,life_cash,owner player,play>
  Error position: <life_atmcash,life_cash,owner player,play>
  Error Undefined variable in expression: life_atmcash
Error in expression <{};
	if(isNil "_ret") exitWith {};
	
	[[life_atmcash,life_cash,owner player,play>
  Error position: <life_atmcash,life_cash,owner player,play>
  Error Undefined variable in expression: life_atmcash
////////////////////////////////////////////////////////////////////////////////////////////////////////////////////////////////
Unknown entity: 'section=ecouter&item=1"
                                                
                                                 onclick="window.open(this.href, 'Popup', 'height=530, width=940, scrollbars=no')'
Unknown entity: 'section=ecouter&item=1', 'Popup', 'height=530, width=940, scrollbars=no')'
Unknown entity: 'section=ecouter&item=1" onclick="window.open(this.href, 'Popup', 'height=530, width=940, scrollbars=no')'
Unknown entity: 'section=ecouter&item=1" onclick="window.open(this.href, 'Popup', 'height=530, width=940, scrollbars=no')'
Unknown entity: 'section=ecouter&item=1" onclick="window.open(this.href, 'Popup', 'height=530, width=940, scrollbars=no')'
Unknown entity: 'section=ecouter&item=1" onclick="window.open(this.href, 'Popup', 'height=530, width=940, scrollbars=no')'
Unknown entity: 'section=historique&item=1"><strong><span class="fa fa-sort-amount-desc"></span> Titres diffusés</strong></a></li>
                                            											<li><a href="http://www.sometimes-one.com/index.php?module=radios&section=top&item=1"><strong><span class="fa fa-arrow-up"></span> Top 40 <span class="fa fa-arrow-down"></span></strong></a></li>											
                                                                                        										</ul>
									</nav>
								</div>
							</div>
						</div>
					</div>
				</div>
                 
                
                 
                
                

                
                                    
                
                
                

                
						<div class="  hidden-xs  social_wrapper">
							<ul class="social">
								<li><a href="https://www.facebook.com/pages/Sometimes-One-Radio/211124575715447?fref=ts" target="_blank"><img src="http://www.sometimes-one.com/templat
Unknown entity: 'f=medium" width="270" height="337"></iframe>
                                                        </section>
                                                                                                                                                                                                                                                                                       	                                                                                                                                                          <section class=" ContentGroup">
                                                            <header class="wrapTitle">
                                                                <h3 titreNonCliquable>FACEBOOK</h3>                                                            </header>                                                    
                                                       		 <iframe src="//www.facebook.com/plugins/likebox.php?href=https
Unknown entity: 'times'
Unknown entity: 'times'
Unknown entity: 'redirect_uri=http%3A%2F%2Fwww.sometimes-one.com%2F&state=0921b82c852c8ef3083f3b6a57bd605d&sdk=php-sdk-3.2.3&scope=email&next=http%3A%2F%2Fwww.sometimes-one.com%2Findex.php%3Fmodule%3Dmembres" class="btn-xstop btn-social btn-facebook btn btn-block"><i class="fa fa-facebook"></i> Login avec Facebook</a>
                <a href="https://accounts.google.com/o/oauth2/auth?response_type=code&redirect_uri=http%3A%2F%2Fwww.sometimes-one.com%2Findex.php%3Fmodule%3Dmembres&client_id=524138182185-v4gu9bmpr4glp3quo5b52kidb6128gkq.apps.googleusercontent.com&scope=https%3A%2F%2Fwww.googleapis.com%2Fauth%2Fuserinfo.profile+https%3A%2F%2Fwww.googleapis.com%2Fauth%2Fuserinfo.email&access_type=offline&approval_prompt=force" class="btn-xstop btn-social btn-danger btn btn-block"><i class="fa fa-google-plus"></i> Login avec Google+</a>
                <a href="http://www.sometimes-one.com/loginmicrosoft" class="btn-xstop btn-social btn-microsoft btn btn-block"><i class="fa fa-windows"></i> Login avec Microsoft</
Unknown entity: 'login=true' , // url du fichier de traitement
						data: $("#identification").serialize(),
						beforeSend : function() { 
							$('#formlog').hide()'
Unknown entity: 'reponse_id=' + rep , 
							type: 'get', 
							data: '', 
							contentType : "application/x-www-form-urlencoded'
///////////////////////////////////////////////////////////////////////////////////////////////////////////
NetServer::SendMsg: cannot find channel #798521023, users.card=10
NetServer: users.get failed when sending to 798521023
Message not sent - error 0, message ID = ffffffff, to 798521023 (Jim Raynor)
NetServer::SendMsg: cannot find channel #798521023, users.card=10
NetServer: users.get failed when sending to 798521023
Message not sent - error 0, message ID = ffffffff, to 798521023 (Jim Raynor)
Client: Remote object 61:0 not found

